Component: Arm Compiler for Embedded 6.24 Tool: armlink [5f371500]

==============================================================================

Section Cross References

    main.o(.text.main) refers to mdr32fxqi_rst_clk.o(.text.RST_CLK_PCLKcmd) for RST_CLK_PCLKcmd
    main.o(.text.main) refers to mdr32fxqi_port.o(.text.PORT_StructInit) for PORT_StructInit
    main.o(.text.main) refers to mdr32fxqi_port.o(.text.PORT_Init) for PORT_Init
    main.o(.text.main) refers to main.o(.data.waitTicks) for waitTicks
    main.o(.text.main) refers to mdr32fxqi_port.o(.text.PORT_SetBits) for PORT_SetBits
    main.o(.text.main) refers to mdr32fxqi_port.o(.text.PORT_ResetBits) for PORT_ResetBits
    main.o(.ARM.exidx.text.main) refers to main.o(.text.main) for [Anonymous Symbol]
    main.o(.ARM.exidx.text.Delay) refers to main.o(.text.Delay) for [Anonymous Symbol]
    startup_mdr32f9q2i.o(STACK) refers (Special) to heapauxi.o(.text) for __use_two_region_memory
    startup_mdr32f9q2i.o(HEAP) refers (Special) to heapauxi.o(.text) for __use_two_region_memory
    startup_mdr32f9q2i.o(RESET) refers (Special) to heapauxi.o(.text) for __use_two_region_memory
    startup_mdr32f9q2i.o(RESET) refers to startup_mdr32f9q2i.o(STACK) for __initial_sp
    startup_mdr32f9q2i.o(RESET) refers to startup_mdr32f9q2i.o(.text) for Reset_Handler
    startup_mdr32f9q2i.o(.text) refers (Special) to heapauxi.o(.text) for __use_two_region_memory
    startup_mdr32f9q2i.o(.text) refers to system_mdr32f9q2i.o(.text.SystemInit) for SystemInit
    startup_mdr32f9q2i.o(.text) refers to __main.o(!!!main) for __main
    startup_mdr32f9q2i.o(.text) refers to startup_mdr32f9q2i.o(HEAP) for Heap_Mem
    startup_mdr32f9q2i.o(.text) refers to startup_mdr32f9q2i.o(STACK) for Stack_Mem
    system_mdr32f9q2i.o(.text.SystemCoreClockUpdate) refers to system_mdr32f9q2i.o(.data.SystemCoreClock) for SystemCoreClock
    system_mdr32f9q2i.o(.ARM.exidx.text.SystemCoreClockUpdate) refers to system_mdr32f9q2i.o(.text.SystemCoreClockUpdate) for [Anonymous Symbol]
    system_mdr32f9q2i.o(.text.SystemInit) refers to startup_mdr32f9q2i.o(RESET) for __Vectors
    system_mdr32f9q2i.o(.text.SystemInit) refers to system_mdr32f9q2i.o(.data.SystemCoreClock) for SystemCoreClock
    system_mdr32f9q2i.o(.ARM.exidx.text.SystemInit) refers to system_mdr32f9q2i.o(.text.SystemInit) for [Anonymous Symbol]
    mdr32fxqi_port.o(.ARM.exidx.text.PORT_DeInit) refers to mdr32fxqi_port.o(.text.PORT_DeInit) for [Anonymous Symbol]
    mdr32fxqi_port.o(.ARM.exidx.text.PORT_Init) refers to mdr32fxqi_port.o(.text.PORT_Init) for [Anonymous Symbol]
    mdr32fxqi_port.o(.ARM.exidx.text.PORT_StructInit) refers to mdr32fxqi_port.o(.text.PORT_StructInit) for [Anonymous Symbol]
    mdr32fxqi_port.o(.ARM.exidx.text.PORT_ReadInputDataBit) refers to mdr32fxqi_port.o(.text.PORT_ReadInputDataBit) for [Anonymous Symbol]
    mdr32fxqi_port.o(.ARM.exidx.text.PORT_ReadInputData) refers to mdr32fxqi_port.o(.text.PORT_ReadInputData) for [Anonymous Symbol]
    mdr32fxqi_port.o(.ARM.exidx.text.PORT_SetBits) refers to mdr32fxqi_port.o(.text.PORT_SetBits) for [Anonymous Symbol]
    mdr32fxqi_port.o(.ARM.exidx.text.PORT_ResetBits) refers to mdr32fxqi_port.o(.text.PORT_ResetBits) for [Anonymous Symbol]
    mdr32fxqi_port.o(.ARM.exidx.text.PORT_WriteBit) refers to mdr32fxqi_port.o(.text.PORT_WriteBit) for [Anonymous Symbol]
    mdr32fxqi_port.o(.ARM.exidx.text.PORT_Write) refers to mdr32fxqi_port.o(.text.PORT_Write) for [Anonymous Symbol]
    mdr32fxqi_rst_clk.o(.ARM.exidx.text.RST_CLK_DeInit) refers to mdr32fxqi_rst_clk.o(.text.RST_CLK_DeInit) for [Anonymous Symbol]
    mdr32fxqi_rst_clk.o(.ARM.exidx.text.RST_CLK_WarmDeInit) refers to mdr32fxqi_rst_clk.o(.text.RST_CLK_WarmDeInit) for [Anonymous Symbol]
    mdr32fxqi_rst_clk.o(.ARM.exidx.text.RST_CLK_HSIcmd) refers to mdr32fxqi_rst_clk.o(.text.RST_CLK_HSIcmd) for [Anonymous Symbol]
    mdr32fxqi_rst_clk.o(.ARM.exidx.text.RST_CLK_HSIstatus) refers to mdr32fxqi_rst_clk.o(.text.RST_CLK_HSIstatus) for [Anonymous Symbol]
    mdr32fxqi_rst_clk.o(.ARM.exidx.text.RST_CLK_HSEconfig) refers to mdr32fxqi_rst_clk.o(.text.RST_CLK_HSEconfig) for [Anonymous Symbol]
    mdr32fxqi_rst_clk.o(.ARM.exidx.text.RST_CLK_HSEstatus) refers to mdr32fxqi_rst_clk.o(.text.RST_CLK_HSEstatus) for [Anonymous Symbol]
    mdr32fxqi_rst_clk.o(.ARM.exidx.text.RST_CLK_GetFlagStatus) refers to mdr32fxqi_rst_clk.o(.text.RST_CLK_GetFlagStatus) for [Anonymous Symbol]
    mdr32fxqi_rst_clk.o(.ARM.exidx.text.RST_CLK_LSEconfig) refers to mdr32fxqi_rst_clk.o(.text.RST_CLK_LSEconfig) for [Anonymous Symbol]
    mdr32fxqi_rst_clk.o(.ARM.exidx.text.RST_CLK_LSEstatus) refers to mdr32fxqi_rst_clk.o(.text.RST_CLK_LSEstatus) for [Anonymous Symbol]
    mdr32fxqi_rst_clk.o(.ARM.exidx.text.RST_CLK_HSIadjust) refers to mdr32fxqi_rst_clk.o(.text.RST_CLK_HSIadjust) for [Anonymous Symbol]
    mdr32fxqi_rst_clk.o(.ARM.exidx.text.RST_CLK_LSIcmd) refers to mdr32fxqi_rst_clk.o(.text.RST_CLK_LSIcmd) for [Anonymous Symbol]
    mdr32fxqi_rst_clk.o(.ARM.exidx.text.RST_CLK_LSIadjust) refers to mdr32fxqi_rst_clk.o(.text.RST_CLK_LSIadjust) for [Anonymous Symbol]
    mdr32fxqi_rst_clk.o(.ARM.exidx.text.RST_CLK_LSIstatus) refers to mdr32fxqi_rst_clk.o(.text.RST_CLK_LSIstatus) for [Anonymous Symbol]
    mdr32fxqi_rst_clk.o(.ARM.exidx.text.RST_CLK_CPU_PLLconfig) refers to mdr32fxqi_rst_clk.o(.text.RST_CLK_CPU_PLLconfig) for [Anonymous Symbol]
    mdr32fxqi_rst_clk.o(.ARM.exidx.text.RST_CLK_CPU_PLLuse) refers to mdr32fxqi_rst_clk.o(.text.RST_CLK_CPU_PLLuse) for [Anonymous Symbol]
    mdr32fxqi_rst_clk.o(.ARM.exidx.text.RST_CLK_CPU_PLLcmd) refers to mdr32fxqi_rst_clk.o(.text.RST_CLK_CPU_PLLcmd) for [Anonymous Symbol]
    mdr32fxqi_rst_clk.o(.ARM.exidx.text.RST_CLK_CPU_PLLstatus) refers to mdr32fxqi_rst_clk.o(.text.RST_CLK_CPU_PLLstatus) for [Anonymous Symbol]
    mdr32fxqi_rst_clk.o(.ARM.exidx.text.RST_CLK_CPUclkPrescaler) refers to mdr32fxqi_rst_clk.o(.text.RST_CLK_CPUclkPrescaler) for [Anonymous Symbol]
    mdr32fxqi_rst_clk.o(.ARM.exidx.text.RST_CLK_CPUclkSelection) refers to mdr32fxqi_rst_clk.o(.text.RST_CLK_CPUclkSelection) for [Anonymous Symbol]
    mdr32fxqi_rst_clk.o(.ARM.exidx.text.RST_CLK_USB_PLLconfig) refers to mdr32fxqi_rst_clk.o(.text.RST_CLK_USB_PLLconfig) for [Anonymous Symbol]
    mdr32fxqi_rst_clk.o(.ARM.exidx.text.RST_CLK_USB_PLLuse) refers to mdr32fxqi_rst_clk.o(.text.RST_CLK_USB_PLLuse) for [Anonymous Symbol]
    mdr32fxqi_rst_clk.o(.ARM.exidx.text.RST_CLK_USB_PLLcmd) refers to mdr32fxqi_rst_clk.o(.text.RST_CLK_USB_PLLcmd) for [Anonymous Symbol]
    mdr32fxqi_rst_clk.o(.ARM.exidx.text.RST_CLK_USB_PLLstatus) refers to mdr32fxqi_rst_clk.o(.text.RST_CLK_USB_PLLstatus) for [Anonymous Symbol]
    mdr32fxqi_rst_clk.o(.ARM.exidx.text.RST_CLK_USBclkPrescaler) refers to mdr32fxqi_rst_clk.o(.text.RST_CLK_USBclkPrescaler) for [Anonymous Symbol]
    mdr32fxqi_rst_clk.o(.ARM.exidx.text.RST_CLK_USBclkEnable) refers to mdr32fxqi_rst_clk.o(.text.RST_CLK_USBclkEnable) for [Anonymous Symbol]
    mdr32fxqi_rst_clk.o(.ARM.exidx.text.RST_CLK_ADCclkSelection) refers to mdr32fxqi_rst_clk.o(.text.RST_CLK_ADCclkSelection) for [Anonymous Symbol]
    mdr32fxqi_rst_clk.o(.ARM.exidx.text.RST_CLK_ADCclkPrescaler) refers to mdr32fxqi_rst_clk.o(.text.RST_CLK_ADCclkPrescaler) for [Anonymous Symbol]
    mdr32fxqi_rst_clk.o(.ARM.exidx.text.RST_CLK_ADCclkEnable) refers to mdr32fxqi_rst_clk.o(.text.RST_CLK_ADCclkEnable) for [Anonymous Symbol]
    mdr32fxqi_rst_clk.o(.ARM.exidx.text.RST_CLK_HSIclkPrescaler) refers to mdr32fxqi_rst_clk.o(.text.RST_CLK_HSIclkPrescaler) for [Anonymous Symbol]
    mdr32fxqi_rst_clk.o(.ARM.exidx.text.RST_CLK_RTC_HSIclkEnable) refers to mdr32fxqi_rst_clk.o(.text.RST_CLK_RTC_HSIclkEnable) for [Anonymous Symbol]
    mdr32fxqi_rst_clk.o(.ARM.exidx.text.RST_CLK_HSEclkPrescaler) refers to mdr32fxqi_rst_clk.o(.text.RST_CLK_HSEclkPrescaler) for [Anonymous Symbol]
    mdr32fxqi_rst_clk.o(.ARM.exidx.text.RST_CLK_RTC_HSEclkEnable) refers to mdr32fxqi_rst_clk.o(.text.RST_CLK_RTC_HSEclkEnable) for [Anonymous Symbol]
    mdr32fxqi_rst_clk.o(.ARM.exidx.text.RST_CLK_CPUclkSelectionC1) refers to mdr32fxqi_rst_clk.o(.text.RST_CLK_CPUclkSelectionC1) for [Anonymous Symbol]
    mdr32fxqi_rst_clk.o(.ARM.exidx.text.RST_CLK_PCLKcmd) refers to mdr32fxqi_rst_clk.o(.text.RST_CLK_PCLKcmd) for [Anonymous Symbol]
    mdr32fxqi_rst_clk.o(.ARM.exidx.text.RST_CLK_GetClocksFreq) refers to mdr32fxqi_rst_clk.o(.text.RST_CLK_GetClocksFreq) for [Anonymous Symbol]
    __main.o(!!!main) refers to __rtentry.o(.ARM.Collect$$rtentry$$00000000) for __rt_entry
    __rtentry.o(.ARM.Collect$$rtentry$$00000000) refers (Special) to __rtentry2.o(.ARM.Collect$$rtentry$$0000000A) for __rt_entry_li
    __rtentry.o(.ARM.Collect$$rtentry$$00000000) refers (Special) to __rtentry2.o(.ARM.Collect$$rtentry$$0000000D) for __rt_entry_main
    __rtentry.o(.ARM.Collect$$rtentry$$00000000) refers (Special) to __rtentry2.o(.ARM.Collect$$rtentry$$0000000C) for __rt_entry_postli_1
    __rtentry.o(.ARM.Collect$$rtentry$$00000000) refers (Special) to __rtentry2.o(.ARM.Collect$$rtentry$$00000009) for __rt_entry_postsh_1
    __rtentry.o(.ARM.Collect$$rtentry$$00000000) refers (Special) to __rtentry2.o(.ARM.Collect$$rtentry$$00000002) for __rt_entry_presh_1
    __rtentry.o(.ARM.Collect$$rtentry$$00000000) refers (Special) to __rtentry4.o(.ARM.Collect$$rtentry$$00000004) for __rt_entry_sh
    __rtentry2.o(.ARM.Collect$$rtentry$$00000008) refers to boardinit2.o(.text) for _platform_post_stackheap_init
    __rtentry2.o(.ARM.Collect$$rtentry$$0000000A) refers to libinit.o(.ARM.Collect$$libinit$$00000000) for __rt_lib_init
    __rtentry2.o(.ARM.Collect$$rtentry$$0000000B) refers to boardinit3.o(.text) for _platform_post_lib_init
    __rtentry2.o(.ARM.Collect$$rtentry$$0000000D) refers to main.o(.text.main) for main
    __rtentry2.o(.ARM.Collect$$rtentry$$0000000D) refers to exit.o(.text) for exit
    __rtentry2.o(.ARM.exidx) refers to __rtentry2.o(.ARM.Collect$$rtentry$$00000001) for .ARM.Collect$$rtentry$$00000001
    __rtentry2.o(.ARM.exidx) refers to __rtentry2.o(.ARM.Collect$$rtentry$$00000008) for .ARM.Collect$$rtentry$$00000008
    __rtentry2.o(.ARM.exidx) refers to __rtentry2.o(.ARM.Collect$$rtentry$$0000000A) for .ARM.Collect$$rtentry$$0000000A
    __rtentry2.o(.ARM.exidx) refers to __rtentry2.o(.ARM.Collect$$rtentry$$0000000B) for .ARM.Collect$$rtentry$$0000000B
    __rtentry2.o(.ARM.exidx) refers to __rtentry2.o(.ARM.Collect$$rtentry$$0000000D) for .ARM.Collect$$rtentry$$0000000D
    __rtentry4.o(.ARM.Collect$$rtentry$$00000004) refers to sys_stackheap_outer.o(.text) for __user_setup_stackheap
    __rtentry4.o(.ARM.exidx) refers to __rtentry4.o(.ARM.Collect$$rtentry$$00000004) for .ARM.Collect$$rtentry$$00000004
    sys_stackheap_outer.o(.text) refers to libspace.o(.text) for __user_perproc_libspace
    sys_stackheap_outer.o(.text) refers to startup_mdr32f9q2i.o(.text) for __user_initial_stackheap
    exit.o(.text) refers to rtexit.o(.ARM.Collect$$rtexit$$00000000) for __rt_exit
    libinit.o(.ARM.Collect$$libinit$$00000000) refers (Special) to libinit2.o(.ARM.Collect$$libinit$$00000030) for __rt_lib_init_alloca_1
    libinit.o(.ARM.Collect$$libinit$$00000000) refers (Special) to libinit2.o(.ARM.Collect$$libinit$$0000002E) for __rt_lib_init_argv_1
    libinit.o(.ARM.Collect$$libinit$$00000000) refers (Special) to libinit2.o(.ARM.Collect$$libinit$$0000001D) for __rt_lib_init_atexit_1
    libinit.o(.ARM.Collect$$libinit$$00000000) refers (Special) to libinit2.o(.ARM.Collect$$libinit$$00000023) for __rt_lib_init_clock_1
    libinit.o(.ARM.Collect$$libinit$$00000000) refers (Special) to libinit2.o(.ARM.Collect$$libinit$$00000034) for __rt_lib_init_cpp_1
    libinit.o(.ARM.Collect$$libinit$$00000000) refers (Special) to libinit2.o(.ARM.Collect$$libinit$$00000032) for __rt_lib_init_exceptions_1
    libinit.o(.ARM.Collect$$libinit$$00000000) refers (Special) to libinit2.o(.ARM.Collect$$libinit$$00000002) for __rt_lib_init_fp_1
    libinit.o(.ARM.Collect$$libinit$$00000000) refers (Special) to libinit2.o(.ARM.Collect$$libinit$$00000021) for __rt_lib_init_fp_trap_1
    libinit.o(.ARM.Collect$$libinit$$00000000) refers (Special) to libinit2.o(.ARM.Collect$$libinit$$00000025) for __rt_lib_init_getenv_1
    libinit.o(.ARM.Collect$$libinit$$00000000) refers (Special) to libinit2.o(.ARM.Collect$$libinit$$0000000C) for __rt_lib_init_heap_1
    libinit.o(.ARM.Collect$$libinit$$00000000) refers (Special) to libinit2.o(.ARM.Collect$$libinit$$00000013) for __rt_lib_init_lc_collate_1
    libinit.o(.ARM.Collect$$libinit$$00000000) refers (Special) to libinit2.o(.ARM.Collect$$libinit$$00000015) for __rt_lib_init_lc_ctype_1
    libinit.o(.ARM.Collect$$libinit$$00000000) refers (Special) to libinit2.o(.ARM.Collect$$libinit$$00000017) for __rt_lib_init_lc_monetary_1
    libinit.o(.ARM.Collect$$libinit$$00000000) refers (Special) to libinit2.o(.ARM.Collect$$libinit$$00000019) for __rt_lib_init_lc_numeric_1
    libinit.o(.ARM.Collect$$libinit$$00000000) refers (Special) to libinit2.o(.ARM.Collect$$libinit$$0000001B) for __rt_lib_init_lc_time_1
    libinit.o(.ARM.Collect$$libinit$$00000000) refers (Special) to libinit2.o(.ARM.Collect$$libinit$$00000006) for __rt_lib_init_preinit_1
    libinit.o(.ARM.Collect$$libinit$$00000000) refers (Special) to libinit2.o(.ARM.Collect$$libinit$$00000010) for __rt_lib_init_rand_1
    libinit.o(.ARM.Collect$$libinit$$00000000) refers (Special) to libinit2.o(.ARM.Collect$$libinit$$00000004) for __rt_lib_init_relocate_pie_1
    libinit.o(.ARM.Collect$$libinit$$00000000) refers (Special) to libinit2.o(.ARM.Collect$$libinit$$00000035) for __rt_lib_init_return
    libinit.o(.ARM.Collect$$libinit$$00000000) refers (Special) to libinit2.o(.ARM.Collect$$libinit$$0000001F) for __rt_lib_init_signal_1
    libinit.o(.ARM.Collect$$libinit$$00000000) refers (Special) to libinit2.o(.ARM.Collect$$libinit$$00000027) for __rt_lib_init_stdio_1
    libinit.o(.ARM.Collect$$libinit$$00000000) refers (Special) to libinit2.o(.ARM.Collect$$libinit$$0000000E) for __rt_lib_init_user_alloc_1
    libspace.o(.text) refers to libspace.o(.bss) for __libspace_start
    rtexit.o(.ARM.Collect$$rtexit$$00000000) refers (Special) to rtexit2.o(.ARM.Collect$$rtexit$$00000004) for __rt_exit_exit
    rtexit.o(.ARM.Collect$$rtexit$$00000000) refers (Special) to rtexit2.o(.ARM.Collect$$rtexit$$00000003) for __rt_exit_ls
    rtexit.o(.ARM.Collect$$rtexit$$00000000) refers (Special) to rtexit2.o(.ARM.Collect$$rtexit$$00000002) for __rt_exit_prels_1
    rtexit.o(.ARM.exidx) refers (Special) to rtexit2.o(.ARM.Collect$$rtexit$$00000004) for __rt_exit_exit
    rtexit.o(.ARM.exidx) refers (Special) to rtexit2.o(.ARM.Collect$$rtexit$$00000003) for __rt_exit_ls
    rtexit.o(.ARM.exidx) refers (Special) to rtexit2.o(.ARM.Collect$$rtexit$$00000002) for __rt_exit_prels_1
    rtexit.o(.ARM.exidx) refers to rtexit.o(.ARM.Collect$$rtexit$$00000000) for .ARM.Collect$$rtexit$$00000000
    libinit2.o(.ARM.Collect$$libinit$$00000012) refers to libinit2.o(.ARM.Collect$$libinit$$00000011) for .ARM.Collect$$libinit$$00000011
    libinit2.o(.ARM.Collect$$libinit$$00000014) refers to libinit2.o(.ARM.Collect$$libinit$$00000011) for .ARM.Collect$$libinit$$00000011
    libinit2.o(.ARM.Collect$$libinit$$00000016) refers to libinit2.o(.ARM.Collect$$libinit$$00000011) for .ARM.Collect$$libinit$$00000011
    libinit2.o(.ARM.Collect$$libinit$$00000018) refers to libinit2.o(.ARM.Collect$$libinit$$00000011) for .ARM.Collect$$libinit$$00000011
    libinit2.o(.ARM.Collect$$libinit$$0000001A) refers to libinit2.o(.ARM.Collect$$libinit$$00000011) for .ARM.Collect$$libinit$$00000011
    libinit2.o(.ARM.Collect$$libinit$$00000028) refers to argv_veneer.o(.emb_text) for __ARM_argv_veneer
    libinit2.o(.ARM.Collect$$libinit$$00000029) refers to argv_veneer.o(.emb_text) for __ARM_argv_veneer
    rtexit2.o(.ARM.Collect$$rtexit$$00000003) refers to libshutdown.o(.ARM.Collect$$libshutdown$$00000000) for __rt_lib_shutdown
    rtexit2.o(.ARM.Collect$$rtexit$$00000004) refers to sys_exit.o(.text) for _sys_exit
    rtexit2.o(.ARM.exidx) refers to rtexit2.o(.ARM.Collect$$rtexit$$00000001) for .ARM.Collect$$rtexit$$00000001
    rtexit2.o(.ARM.exidx) refers to rtexit2.o(.ARM.Collect$$rtexit$$00000003) for .ARM.Collect$$rtexit$$00000003
    rtexit2.o(.ARM.exidx) refers to rtexit2.o(.ARM.Collect$$rtexit$$00000004) for .ARM.Collect$$rtexit$$00000004
    argv_veneer.o(.emb_text) refers to no_argv.o(.text) for __ARM_get_argv
    sys_exit.o(.text) refers (Special) to use_no_semi.o(.text) for __I$use$semihosting
    sys_exit.o(.text) refers (Special) to indicate_semi.o(.text) for __semihosting_library_function
    sys_exit_hlt.o(.text) refers (Special) to use_no_semi.o(.text) for __I$use$semihosting
    sys_exit_hlt.o(.text) refers (Special) to indicate_semi.o(.text) for __semihosting_library_function
    _get_argv_nomalloc.o(.text) refers (Special) to hrguard.o(.text) for __heap_region$guard
    _get_argv_nomalloc.o(.text) refers to defsig_rtmem_outer.o(.text) for __rt_SIGRTMEM
    _get_argv_nomalloc.o(.text) refers to sys_command.o(.text) for _sys_command_string
    libshutdown.o(.ARM.Collect$$libshutdown$$00000000) refers (Special) to libshutdown2.o(.ARM.Collect$$libshutdown$$00000002) for __rt_lib_shutdown_cpp_1
    libshutdown.o(.ARM.Collect$$libshutdown$$00000000) refers (Special) to libshutdown2.o(.ARM.Collect$$libshutdown$$00000007) for __rt_lib_shutdown_fp_trap_1
    libshutdown.o(.ARM.Collect$$libshutdown$$00000000) refers (Special) to libshutdown2.o(.ARM.Collect$$libshutdown$$0000000F) for __rt_lib_shutdown_heap_1
    libshutdown.o(.ARM.Collect$$libshutdown$$00000000) refers (Special) to libshutdown2.o(.ARM.Collect$$libshutdown$$00000010) for __rt_lib_shutdown_return
    libshutdown.o(.ARM.Collect$$libshutdown$$00000000) refers (Special) to libshutdown2.o(.ARM.Collect$$libshutdown$$0000000A) for __rt_lib_shutdown_signal_1
    libshutdown.o(.ARM.Collect$$libshutdown$$00000000) refers (Special) to libshutdown2.o(.ARM.Collect$$libshutdown$$00000004) for __rt_lib_shutdown_stdio_1
    libshutdown.o(.ARM.Collect$$libshutdown$$00000000) refers (Special) to libshutdown2.o(.ARM.Collect$$libshutdown$$0000000C) for __rt_lib_shutdown_user_alloc_1
    sys_command.o(.text) refers (Special) to use_no_semi.o(.text) for __I$use$semihosting
    sys_command.o(.text) refers (Special) to indicate_semi.o(.text) for __semihosting_library_function
    sys_command_hlt.o(.text) refers (Special) to use_no_semi.o(.text) for __I$use$semihosting
    sys_command_hlt.o(.text) refers (Special) to indicate_semi.o(.text) for __semihosting_library_function
    defsig_rtmem_outer.o(.text) refers to defsig_rtmem_inner.o(.text) for __rt_SIGRTMEM_inner
    defsig_rtmem_outer.o(.text) refers to defsig_exit.o(.text) for __sig_exit
    defsig_rtmem_formal.o(.text) refers to rt_raise.o(.text) for __rt_raise
    rt_raise.o(.text) refers to __raise.o(.text) for __raise
    rt_raise.o(.text) refers to sys_exit.o(.text) for _sys_exit
    defsig_exit.o(.text) refers to sys_exit.o(.text) for _sys_exit
    defsig_rtmem_inner.o(.text) refers to defsig_general.o(.text) for __default_signal_display
    __raise.o(.text) refers to defsig.o(CL$$defsig) for __default_signal_handler
    defsig_general.o(.text) refers to sys_wrch.o(.text) for _ttywrch
    sys_wrch.o(.text) refers (Special) to use_no_semi.o(.text) for __I$use$semihosting
    sys_wrch.o(.text) refers (Special) to indicate_semi.o(.text) for __semihosting_library_function
    sys_wrch_hlt.o(.text) refers (Special) to use_no_semi.o(.text) for __I$use$semihosting
    sys_wrch_hlt.o(.text) refers (Special) to indicate_semi.o(.text) for __semihosting_library_function
    defsig.o(CL$$defsig) refers to defsig_rtmem_inner.o(.text) for __rt_SIGRTMEM_inner
    defsig_abrt_inner.o(.text) refers to defsig_general.o(.text) for __default_signal_display
    defsig_fpe_inner.o(.text) refers to defsig_general.o(.text) for __default_signal_display
    defsig_rtred_inner.o(.text) refers to defsig_general.o(.text) for __default_signal_display
    defsig_stak_inner.o(.text) refers to defsig_general.o(.text) for __default_signal_display
    defsig_pvfn_inner.o(.text) refers to defsig_general.o(.text) for __default_signal_display
    defsig_cppl_inner.o(.text) refers to defsig_general.o(.text) for __default_signal_display
    defsig_segv_inner.o(.text) refers to defsig_general.o(.text) for __default_signal_display
    defsig_other.o(.text) refers to defsig_general.o(.text) for __default_signal_display


==============================================================================

Removing Unused input sections from the image.

    Removing main.o(.text), (0 bytes).
    Removing main.o(.ARM.exidx.text.main), (8 bytes).
    Removing main.o(.text.Delay), (16 bytes).
    Removing main.o(.ARM.exidx.text.Delay), (8 bytes).
    Removing main.o(.ARM.use_no_argv), (4 bytes).
    Removing system_mdr32f9q2i.o(.text), (0 bytes).
    Removing system_mdr32f9q2i.o(.text.SystemCoreClockUpdate), (108 bytes).
    Removing system_mdr32f9q2i.o(.ARM.exidx.text.SystemCoreClockUpdate), (8 bytes).
    Removing system_mdr32f9q2i.o(.ARM.exidx.text.SystemInit), (8 bytes).
    Removing mdr32fxqi_port.o(.text), (0 bytes).
    Removing mdr32fxqi_port.o(.text.PORT_DeInit), (20 bytes).
    Removing mdr32fxqi_port.o(.ARM.exidx.text.PORT_DeInit), (8 bytes).
    Removing mdr32fxqi_port.o(.ARM.exidx.text.PORT_Init), (8 bytes).
    Removing mdr32fxqi_port.o(.ARM.exidx.text.PORT_StructInit), (8 bytes).
    Removing mdr32fxqi_port.o(.text.PORT_ReadInputDataBit), (10 bytes).
    Removing mdr32fxqi_port.o(.ARM.exidx.text.PORT_ReadInputDataBit), (8 bytes).
    Removing mdr32fxqi_port.o(.text.PORT_ReadInputData), (4 bytes).
    Removing mdr32fxqi_port.o(.ARM.exidx.text.PORT_ReadInputData), (8 bytes).
    Removing mdr32fxqi_port.o(.ARM.exidx.text.PORT_SetBits), (8 bytes).
    Removing mdr32fxqi_port.o(.ARM.exidx.text.PORT_ResetBits), (8 bytes).
    Removing mdr32fxqi_port.o(.text.PORT_WriteBit), (48 bytes).
    Removing mdr32fxqi_port.o(.ARM.exidx.text.PORT_WriteBit), (8 bytes).
    Removing mdr32fxqi_port.o(.text.PORT_Write), (18 bytes).
    Removing mdr32fxqi_port.o(.ARM.exidx.text.PORT_Write), (8 bytes).
    Removing mdr32fxqi_rst_clk.o(.text), (0 bytes).
    Removing mdr32fxqi_rst_clk.o(.text.RST_CLK_DeInit), (454 bytes).
    Removing mdr32fxqi_rst_clk.o(.ARM.exidx.text.RST_CLK_DeInit), (8 bytes).
    Removing mdr32fxqi_rst_clk.o(.text.RST_CLK_WarmDeInit), (88 bytes).
    Removing mdr32fxqi_rst_clk.o(.ARM.exidx.text.RST_CLK_WarmDeInit), (8 bytes).
    Removing mdr32fxqi_rst_clk.o(.text.RST_CLK_HSIcmd), (12 bytes).
    Removing mdr32fxqi_rst_clk.o(.ARM.exidx.text.RST_CLK_HSIcmd), (8 bytes).
    Removing mdr32fxqi_rst_clk.o(.text.RST_CLK_HSIstatus), (48 bytes).
    Removing mdr32fxqi_rst_clk.o(.ARM.exidx.text.RST_CLK_HSIstatus), (8 bytes).
    Removing mdr32fxqi_rst_clk.o(.text.RST_CLK_HSEconfig), (34 bytes).
    Removing mdr32fxqi_rst_clk.o(.ARM.exidx.text.RST_CLK_HSEconfig), (8 bytes).
    Removing mdr32fxqi_rst_clk.o(.text.RST_CLK_HSEstatus), (44 bytes).
    Removing mdr32fxqi_rst_clk.o(.ARM.exidx.text.RST_CLK_HSEstatus), (8 bytes).
    Removing mdr32fxqi_rst_clk.o(.text.RST_CLK_GetFlagStatus), (38 bytes).
    Removing mdr32fxqi_rst_clk.o(.ARM.exidx.text.RST_CLK_GetFlagStatus), (8 bytes).
    Removing mdr32fxqi_rst_clk.o(.text.RST_CLK_LSEconfig), (36 bytes).
    Removing mdr32fxqi_rst_clk.o(.ARM.exidx.text.RST_CLK_LSEconfig), (8 bytes).
    Removing mdr32fxqi_rst_clk.o(.text.RST_CLK_LSEstatus), (48 bytes).
    Removing mdr32fxqi_rst_clk.o(.ARM.exidx.text.RST_CLK_LSEstatus), (8 bytes).
    Removing mdr32fxqi_rst_clk.o(.text.RST_CLK_HSIadjust), (22 bytes).
    Removing mdr32fxqi_rst_clk.o(.ARM.exidx.text.RST_CLK_HSIadjust), (8 bytes).
    Removing mdr32fxqi_rst_clk.o(.text.RST_CLK_LSIcmd), (12 bytes).
    Removing mdr32fxqi_rst_clk.o(.ARM.exidx.text.RST_CLK_LSIcmd), (8 bytes).
    Removing mdr32fxqi_rst_clk.o(.text.RST_CLK_LSIadjust), (22 bytes).
    Removing mdr32fxqi_rst_clk.o(.ARM.exidx.text.RST_CLK_LSIadjust), (8 bytes).
    Removing mdr32fxqi_rst_clk.o(.text.RST_CLK_LSIstatus), (48 bytes).
    Removing mdr32fxqi_rst_clk.o(.ARM.exidx.text.RST_CLK_LSIstatus), (8 bytes).
    Removing mdr32fxqi_rst_clk.o(.text.RST_CLK_CPU_PLLconfig), (54 bytes).
    Removing mdr32fxqi_rst_clk.o(.ARM.exidx.text.RST_CLK_CPU_PLLconfig), (8 bytes).
    Removing mdr32fxqi_rst_clk.o(.text.RST_CLK_CPU_PLLuse), (12 bytes).
    Removing mdr32fxqi_rst_clk.o(.ARM.exidx.text.RST_CLK_CPU_PLLuse), (8 bytes).
    Removing mdr32fxqi_rst_clk.o(.text.RST_CLK_CPU_PLLcmd), (10 bytes).
    Removing mdr32fxqi_rst_clk.o(.ARM.exidx.text.RST_CLK_CPU_PLLcmd), (8 bytes).
    Removing mdr32fxqi_rst_clk.o(.text.RST_CLK_CPU_PLLstatus), (44 bytes).
    Removing mdr32fxqi_rst_clk.o(.ARM.exidx.text.RST_CLK_CPU_PLLstatus), (8 bytes).
    Removing mdr32fxqi_rst_clk.o(.text.RST_CLK_CPUclkPrescaler), (20 bytes).
    Removing mdr32fxqi_rst_clk.o(.ARM.exidx.text.RST_CLK_CPUclkPrescaler), (8 bytes).
    Removing mdr32fxqi_rst_clk.o(.text.RST_CLK_CPUclkSelection), (18 bytes).
    Removing mdr32fxqi_rst_clk.o(.ARM.exidx.text.RST_CLK_CPUclkSelection), (8 bytes).
    Removing mdr32fxqi_rst_clk.o(.text.RST_CLK_USB_PLLconfig), (54 bytes).
    Removing mdr32fxqi_rst_clk.o(.ARM.exidx.text.RST_CLK_USB_PLLconfig), (8 bytes).
    Removing mdr32fxqi_rst_clk.o(.text.RST_CLK_USB_PLLuse), (12 bytes).
    Removing mdr32fxqi_rst_clk.o(.ARM.exidx.text.RST_CLK_USB_PLLuse), (8 bytes).
    Removing mdr32fxqi_rst_clk.o(.text.RST_CLK_USB_PLLcmd), (10 bytes).
    Removing mdr32fxqi_rst_clk.o(.ARM.exidx.text.RST_CLK_USB_PLLcmd), (8 bytes).
    Removing mdr32fxqi_rst_clk.o(.text.RST_CLK_USB_PLLstatus), (44 bytes).
    Removing mdr32fxqi_rst_clk.o(.ARM.exidx.text.RST_CLK_USB_PLLstatus), (8 bytes).
    Removing mdr32fxqi_rst_clk.o(.text.RST_CLK_USBclkPrescaler), (12 bytes).
    Removing mdr32fxqi_rst_clk.o(.ARM.exidx.text.RST_CLK_USBclkPrescaler), (8 bytes).
    Removing mdr32fxqi_rst_clk.o(.text.RST_CLK_USBclkEnable), (12 bytes).
    Removing mdr32fxqi_rst_clk.o(.ARM.exidx.text.RST_CLK_USBclkEnable), (8 bytes).
    Removing mdr32fxqi_rst_clk.o(.text.RST_CLK_ADCclkSelection), (18 bytes).
    Removing mdr32fxqi_rst_clk.o(.ARM.exidx.text.RST_CLK_ADCclkSelection), (8 bytes).
    Removing mdr32fxqi_rst_clk.o(.text.RST_CLK_ADCclkPrescaler), (20 bytes).
    Removing mdr32fxqi_rst_clk.o(.ARM.exidx.text.RST_CLK_ADCclkPrescaler), (8 bytes).
    Removing mdr32fxqi_rst_clk.o(.text.RST_CLK_ADCclkEnable), (12 bytes).
    Removing mdr32fxqi_rst_clk.o(.ARM.exidx.text.RST_CLK_ADCclkEnable), (8 bytes).
    Removing mdr32fxqi_rst_clk.o(.text.RST_CLK_HSIclkPrescaler), (20 bytes).
    Removing mdr32fxqi_rst_clk.o(.ARM.exidx.text.RST_CLK_HSIclkPrescaler), (8 bytes).
    Removing mdr32fxqi_rst_clk.o(.text.RST_CLK_RTC_HSIclkEnable), (12 bytes).
    Removing mdr32fxqi_rst_clk.o(.ARM.exidx.text.RST_CLK_RTC_HSIclkEnable), (8 bytes).
    Removing mdr32fxqi_rst_clk.o(.text.RST_CLK_HSEclkPrescaler), (18 bytes).
    Removing mdr32fxqi_rst_clk.o(.ARM.exidx.text.RST_CLK_HSEclkPrescaler), (8 bytes).
    Removing mdr32fxqi_rst_clk.o(.text.RST_CLK_RTC_HSEclkEnable), (12 bytes).
    Removing mdr32fxqi_rst_clk.o(.ARM.exidx.text.RST_CLK_RTC_HSEclkEnable), (8 bytes).
    Removing mdr32fxqi_rst_clk.o(.text.RST_CLK_CPUclkSelectionC1), (18 bytes).
    Removing mdr32fxqi_rst_clk.o(.ARM.exidx.text.RST_CLK_CPUclkSelectionC1), (8 bytes).
    Removing mdr32fxqi_rst_clk.o(.ARM.exidx.text.RST_CLK_PCLKcmd), (8 bytes).
    Removing mdr32fxqi_rst_clk.o(.text.RST_CLK_GetClocksFreq), (274 bytes).
    Removing mdr32fxqi_rst_clk.o(.ARM.exidx.text.RST_CLK_GetClocksFreq), (8 bytes).

94 unused section(s) (total 2224 bytes) removed from the image.

==============================================================================

Image Symbol Table

    Local Symbols

    Symbol Name                              Value     Ov Type        Size  Object(Section)

    ../clib/angel/boardlib.s                 0x00000000   Number         0  boardinit1.o ABSOLUTE
    ../clib/angel/boardlib.s                 0x00000000   Number         0  boardinit2.o ABSOLUTE
    ../clib/angel/boardlib.s                 0x00000000   Number         0  boardinit3.o ABSOLUTE
    ../clib/angel/boardlib.s                 0x00000000   Number         0  boardshut.o ABSOLUTE
    ../clib/angel/handlers.s                 0x00000000   Number         0  __scatter_copy.o ABSOLUTE
    ../clib/angel/handlers.s                 0x00000000   Number         0  __scatter_zi.o ABSOLUTE
    ../clib/angel/kernel.s                   0x00000000   Number         0  __rtentry.o ABSOLUTE
    ../clib/angel/kernel.s                   0x00000000   Number         0  __rtentry2.o ABSOLUTE
    ../clib/angel/kernel.s                   0x00000000   Number         0  __rtentry4.o ABSOLUTE
    ../clib/angel/kernel.s                   0x00000000   Number         0  rtexit.o ABSOLUTE
    ../clib/angel/kernel.s                   0x00000000   Number         0  rtexit2.o ABSOLUTE
    ../clib/angel/rt.s                       0x00000000   Number         0  rt_raise.o ABSOLUTE
    ../clib/angel/scatter.s                  0x00000000   Number         0  __scatter.o ABSOLUTE
    ../clib/angel/startup.s                  0x00000000   Number         0  __main.o ABSOLUTE
    ../clib/angel/sys.s                      0x00000000   Number         0  sys_stackheap_outer.o ABSOLUTE
    ../clib/angel/sys.s                      0x00000000   Number         0  libspace.o ABSOLUTE
    ../clib/angel/sys.s                      0x00000000   Number         0  use_no_semi.o ABSOLUTE
    ../clib/angel/sys.s                      0x00000000   Number         0  indicate_semi.o ABSOLUTE
    ../clib/angel/sysapp.c                   0x00000000   Number         0  sys_exit.o ABSOLUTE
    ../clib/angel/sysapp.c                   0x00000000   Number         0  sys_exit_hlt.o ABSOLUTE
    ../clib/angel/sysapp.c                   0x00000000   Number         0  sys_command.o ABSOLUTE
    ../clib/angel/sysapp.c                   0x00000000   Number         0  sys_command_hlt.o ABSOLUTE
    ../clib/angel/sysapp.c                   0x00000000   Number         0  sys_wrch.o ABSOLUTE
    ../clib/angel/sysapp.c                   0x00000000   Number         0  sys_wrch_hlt.o ABSOLUTE
    ../clib/armsys.c                         0x00000000   Number         0  argv_veneer.o ABSOLUTE
    ../clib/armsys.c                         0x00000000   Number         0  argv_veneer.o ABSOLUTE
    ../clib/armsys.c                         0x00000000   Number         0  _get_argv_nomalloc.o ABSOLUTE
    ../clib/armsys.c                         0x00000000   Number         0  no_argv.o ABSOLUTE
    ../clib/heapalloc.c                      0x00000000   Number         0  hrguard.o ABSOLUTE
    ../clib/heapaux.c                        0x00000000   Number         0  heapauxi.o ABSOLUTE
    ../clib/libinit.s                        0x00000000   Number         0  libinit.o ABSOLUTE
    ../clib/libinit.s                        0x00000000   Number         0  libinit2.o ABSOLUTE
    ../clib/libinit.s                        0x00000000   Number         0  libshutdown.o ABSOLUTE
    ../clib/libinit.s                        0x00000000   Number         0  libshutdown2.o ABSOLUTE
    ../clib/signal.c                         0x00000000   Number         0  defsig_rtmem_outer.o ABSOLUTE
    ../clib/signal.c                         0x00000000   Number         0  defsig_rtmem_formal.o ABSOLUTE
    ../clib/signal.c                         0x00000000   Number         0  defsig_exit.o ABSOLUTE
    ../clib/signal.c                         0x00000000   Number         0  defsig_rtmem_inner.o ABSOLUTE
    ../clib/signal.c                         0x00000000   Number         0  __raise.o ABSOLUTE
    ../clib/signal.c                         0x00000000   Number         0  defsig_general.o ABSOLUTE
    ../clib/signal.c                         0x00000000   Number         0  defsig_abrt_inner.o ABSOLUTE
    ../clib/signal.c                         0x00000000   Number         0  defsig_fpe_inner.o ABSOLUTE
    ../clib/signal.c                         0x00000000   Number         0  defsig_rtred_inner.o ABSOLUTE
    ../clib/signal.c                         0x00000000   Number         0  defsig_stak_inner.o ABSOLUTE
    ../clib/signal.c                         0x00000000   Number         0  defsig_pvfn_inner.o ABSOLUTE
    ../clib/signal.c                         0x00000000   Number         0  defsig_cppl_inner.o ABSOLUTE
    ../clib/signal.c                         0x00000000   Number         0  defsig_segv_inner.o ABSOLUTE
    ../clib/signal.c                         0x00000000   Number         0  defsig_other.o ABSOLUTE
    ../clib/signal.s                         0x00000000   Number         0  defsig.o ABSOLUTE
    ../clib/stdlib.c                         0x00000000   Number         0  exit.o ABSOLUTE
    ../fplib/fpinit.s                        0x00000000   Number         0  fpinit.o ABSOLUTE
    ../fplib/fpinit_empty.s                  0x00000000   Number         0  fpinit_empty.o ABSOLUTE
    MDR32FxQI_port.c                         0x00000000   Number         0  mdr32fxqi_port.o ABSOLUTE
    MDR32FxQI_rst_clk.c                      0x00000000   Number         0  mdr32fxqi_rst_clk.o ABSOLUTE
    RTE\Device\MDR32F9Q2I\startup_MDR32F9Q2I.S 0x00000000   Number         0  startup_mdr32f9q2i.o ABSOLUTE
    dc.s                                     0x00000000   Number         0  dc.o ABSOLUTE
    main.c                                   0x00000000   Number         0  main.o ABSOLUTE
    system_MDR32F9Q2I.c                      0x00000000   Number         0  system_mdr32f9q2i.o ABSOLUTE
    RESET                                    0x08000000   Section      192  startup_mdr32f9q2i.o(RESET)
    !!!main                                  0x080000c0   Section        8  __main.o(!!!main)
    !!!scatter                               0x080000c8   Section       92  __scatter.o(!!!scatter)
    !!handler_copy                           0x08000124   Section       26  __scatter_copy.o(!!handler_copy)
    !!handler_null                           0x08000140   Section        2  __scatter.o(!!handler_null)
    !!handler_zi                             0x08000144   Section       28  __scatter_zi.o(!!handler_zi)
    .ARM.Collect$$libinit$$00000000          0x08000160   Section        2  libinit.o(.ARM.Collect$$libinit$$00000000)
    .ARM.Collect$$libinit$$00000002          0x08000162   Section        0  libinit2.o(.ARM.Collect$$libinit$$00000002)
    .ARM.Collect$$libinit$$00000004          0x08000162   Section        0  libinit2.o(.ARM.Collect$$libinit$$00000004)
    .ARM.Collect$$libinit$$00000006          0x08000162   Section        0  libinit2.o(.ARM.Collect$$libinit$$00000006)
    .ARM.Collect$$libinit$$0000000C          0x08000162   Section        0  libinit2.o(.ARM.Collect$$libinit$$0000000C)
    .ARM.Collect$$libinit$$0000000E          0x08000162   Section        0  libinit2.o(.ARM.Collect$$libinit$$0000000E)
    .ARM.Collect$$libinit$$00000010          0x08000162   Section        0  libinit2.o(.ARM.Collect$$libinit$$00000010)
    .ARM.Collect$$libinit$$00000013          0x08000162   Section        0  libinit2.o(.ARM.Collect$$libinit$$00000013)
    .ARM.Collect$$libinit$$00000015          0x08000162   Section        0  libinit2.o(.ARM.Collect$$libinit$$00000015)
    .ARM.Collect$$libinit$$00000017          0x08000162   Section        0  libinit2.o(.ARM.Collect$$libinit$$00000017)
    .ARM.Collect$$libinit$$00000019          0x08000162   Section        0  libinit2.o(.ARM.Collect$$libinit$$00000019)
    .ARM.Collect$$libinit$$0000001B          0x08000162   Section        0  libinit2.o(.ARM.Collect$$libinit$$0000001B)
    .ARM.Collect$$libinit$$0000001D          0x08000162   Section        0  libinit2.o(.ARM.Collect$$libinit$$0000001D)
    .ARM.Collect$$libinit$$0000001F          0x08000162   Section        0  libinit2.o(.ARM.Collect$$libinit$$0000001F)
    .ARM.Collect$$libinit$$00000021          0x08000162   Section        0  libinit2.o(.ARM.Collect$$libinit$$00000021)
    .ARM.Collect$$libinit$$00000023          0x08000162   Section        0  libinit2.o(.ARM.Collect$$libinit$$00000023)
    .ARM.Collect$$libinit$$00000025          0x08000162   Section        0  libinit2.o(.ARM.Collect$$libinit$$00000025)
    .ARM.Collect$$libinit$$00000027          0x08000162   Section        0  libinit2.o(.ARM.Collect$$libinit$$00000027)
    .ARM.Collect$$libinit$$0000002E          0x08000162   Section        0  libinit2.o(.ARM.Collect$$libinit$$0000002E)
    .ARM.Collect$$libinit$$00000030          0x08000162   Section        0  libinit2.o(.ARM.Collect$$libinit$$00000030)
    .ARM.Collect$$libinit$$00000032          0x08000162   Section        0  libinit2.o(.ARM.Collect$$libinit$$00000032)
    .ARM.Collect$$libinit$$00000034          0x08000162   Section        0  libinit2.o(.ARM.Collect$$libinit$$00000034)
    .ARM.Collect$$libinit$$00000035          0x08000162   Section        2  libinit2.o(.ARM.Collect$$libinit$$00000035)
    .ARM.Collect$$libshutdown$$00000000      0x08000164   Section        2  libshutdown.o(.ARM.Collect$$libshutdown$$00000000)
    .ARM.Collect$$libshutdown$$00000002      0x08000166   Section        0  libshutdown2.o(.ARM.Collect$$libshutdown$$00000002)
    .ARM.Collect$$libshutdown$$00000004      0x08000166   Section        0  libshutdown2.o(.ARM.Collect$$libshutdown$$00000004)
    .ARM.Collect$$libshutdown$$00000007      0x08000166   Section        0  libshutdown2.o(.ARM.Collect$$libshutdown$$00000007)
    .ARM.Collect$$libshutdown$$0000000A      0x08000166   Section        0  libshutdown2.o(.ARM.Collect$$libshutdown$$0000000A)
    .ARM.Collect$$libshutdown$$0000000C      0x08000166   Section        0  libshutdown2.o(.ARM.Collect$$libshutdown$$0000000C)
    .ARM.Collect$$libshutdown$$0000000F      0x08000166   Section        0  libshutdown2.o(.ARM.Collect$$libshutdown$$0000000F)
    .ARM.Collect$$libshutdown$$00000010      0x08000166   Section        2  libshutdown2.o(.ARM.Collect$$libshutdown$$00000010)
    .ARM.Collect$$rtentry$$00000000          0x08000168   Section        0  __rtentry.o(.ARM.Collect$$rtentry$$00000000)
    .ARM.Collect$$rtentry$$00000002          0x08000168   Section        0  __rtentry2.o(.ARM.Collect$$rtentry$$00000002)
    .ARM.Collect$$rtentry$$00000004          0x08000168   Section        6  __rtentry4.o(.ARM.Collect$$rtentry$$00000004)
    .ARM.Collect$$rtentry$$00000009          0x0800016e   Section        0  __rtentry2.o(.ARM.Collect$$rtentry$$00000009)
    .ARM.Collect$$rtentry$$0000000A          0x0800016e   Section        4  __rtentry2.o(.ARM.Collect$$rtentry$$0000000A)
    .ARM.Collect$$rtentry$$0000000C          0x08000172   Section        0  __rtentry2.o(.ARM.Collect$$rtentry$$0000000C)
    .ARM.Collect$$rtentry$$0000000D          0x08000172   Section        8  __rtentry2.o(.ARM.Collect$$rtentry$$0000000D)
    .ARM.Collect$$rtexit$$00000000           0x0800017a   Section        2  rtexit.o(.ARM.Collect$$rtexit$$00000000)
    .ARM.Collect$$rtexit$$00000002           0x0800017c   Section        0  rtexit2.o(.ARM.Collect$$rtexit$$00000002)
    .ARM.Collect$$rtexit$$00000003           0x0800017c   Section        4  rtexit2.o(.ARM.Collect$$rtexit$$00000003)
    .ARM.Collect$$rtexit$$00000004           0x08000180   Section        6  rtexit2.o(.ARM.Collect$$rtexit$$00000004)
    .text                                    0x08000188   Section      104  startup_mdr32f9q2i.o(.text)
    .text                                    0x080001f0   Section        0  heapauxi.o(.text)
    .text                                    0x080001f6   Section       74  sys_stackheap_outer.o(.text)
    .text                                    0x08000240   Section        0  exit.o(.text)
    .text                                    0x08000254   Section        8  libspace.o(.text)
    .text                                    0x0800025c   Section        0  sys_exit.o(.text)
    .text                                    0x08000268   Section        2  use_no_semi.o(.text)
    .text                                    0x0800026a   Section        0  indicate_semi.o(.text)
    [Anonymous Symbol]                       0x0800026c   Section        0  mdr32fxqi_port.o(.text.PORT_Init)
    [Anonymous Symbol]                       0x080003cc   Section        0  mdr32fxqi_port.o(.text.PORT_ResetBits)
    [Anonymous Symbol]                       0x080003e4   Section        0  mdr32fxqi_port.o(.text.PORT_SetBits)
    [Anonymous Symbol]                       0x080003fc   Section        0  mdr32fxqi_port.o(.text.PORT_StructInit)
    [Anonymous Symbol]                       0x08000410   Section        0  mdr32fxqi_rst_clk.o(.text.RST_CLK_PCLKcmd)
    [Anonymous Symbol]                       0x08000428   Section        0  system_mdr32f9q2i.o(.text.SystemInit)
    [Anonymous Symbol]                       0x080004c4   Section        0  main.o(.text.main)
    .bss                                     0x20000008   Section       96  libspace.o(.bss)
    Heap_Mem                                 0x20000068   Data         512  startup_mdr32f9q2i.o(HEAP)
    HEAP                                     0x20000068   Section      512  startup_mdr32f9q2i.o(HEAP)
    Stack_Mem                                0x20000268   Data        1024  startup_mdr32f9q2i.o(STACK)
    STACK                                    0x20000268   Section     1024  startup_mdr32f9q2i.o(STACK)
    __initial_sp                             0x20000668   Data           0  startup_mdr32f9q2i.o(STACK)

    Global Symbols

    Symbol Name                              Value     Ov Type        Size  Object(Section)

    BuildAttributes$$THM_ISAv4$P$D$K$B$S$PE$A:L22UL41UL21$X:L11$S22US41US21$IEEE1$IW$~IW$USESV6$~STKCKD$USESV7$~SHL$OTIME$ROPI$EBA8$UX$STANDARDLIB$REQ8$PRES8$EABIv2 0x00000000   Number         0  anon$$obj.o ABSOLUTE
    __fp_init_empty                          0x00000000   Number         0  fpinit_empty.o ABSOLUTE
    __ARM_exceptions_init                     - Undefined Weak Reference
    __alloca_initialize                       - Undefined Weak Reference
    __arm_preinit_                            - Undefined Weak Reference
    __arm_relocate_pie_                       - Undefined Weak Reference
    __cpp_initialize__aeabi_                  - Undefined Weak Reference
    __cxa_finalize                            - Undefined Weak Reference
    __rt_locale                               - Undefined Weak Reference
    __sigvec_lookup                           - Undefined Weak Reference
    _atexit_init                              - Undefined Weak Reference
    _call_atexit_fns                          - Undefined Weak Reference
    _clock_init                               - Undefined Weak Reference
    _fp_trap_init                             - Undefined Weak Reference
    _fp_trap_shutdown                         - Undefined Weak Reference
    _get_lc_collate                           - Undefined Weak Reference
    _get_lc_ctype                             - Undefined Weak Reference
    _get_lc_monetary                          - Undefined Weak Reference
    _get_lc_numeric                           - Undefined Weak Reference
    _get_lc_time                              - Undefined Weak Reference
    _getenv_init                              - Undefined Weak Reference
    _handle_redirection                       - Undefined Weak Reference
    _init_alloc                               - Undefined Weak Reference
    _init_user_alloc                          - Undefined Weak Reference
    _initio                                   - Undefined Weak Reference
    _rand_init                                - Undefined Weak Reference
    _signal_finish                            - Undefined Weak Reference
    _signal_init                              - Undefined Weak Reference
    _terminate_alloc                          - Undefined Weak Reference
    _terminate_user_alloc                     - Undefined Weak Reference
    _terminateio                              - Undefined Weak Reference
    __Vectors_Size                           0x000000c0   Number         0  startup_mdr32f9q2i.o ABSOLUTE
    __Vectors                                0x08000000   Data           4  startup_mdr32f9q2i.o(RESET)
    __Vectors_End                            0x080000c0   Data           0  startup_mdr32f9q2i.o(RESET)
    __main                                   0x080000c1   Thumb Code     8  __main.o(!!!main)
    __scatterload                            0x080000c9   Thumb Code     0  __scatter.o(!!!scatter)
    __scatterload_rt2                        0x080000c9   Thumb Code    84  __scatter.o(!!!scatter)
    __scatterload_rt2_thumb_only             0x080000c9   Thumb Code     0  __scatter.o(!!!scatter)
    __scatterload_loop                       0x080000d3   Thumb Code     0  __scatter.o(!!!scatter)
    __scatterload_copy                       0x08000125   Thumb Code    26  __scatter_copy.o(!!handler_copy)
    __scatterload_null                       0x08000141   Thumb Code     2  __scatter.o(!!handler_null)
    __scatterload_zeroinit                   0x08000145   Thumb Code    28  __scatter_zi.o(!!handler_zi)
    __rt_lib_init                            0x08000161   Thumb Code     0  libinit.o(.ARM.Collect$$libinit$$00000000)
    __rt_lib_init_alloca_1                   0x08000163   Thumb Code     0  libinit2.o(.ARM.Collect$$libinit$$00000030)
    __rt_lib_init_argv_1                     0x08000163   Thumb Code     0  libinit2.o(.ARM.Collect$$libinit$$0000002E)
    __rt_lib_init_atexit_1                   0x08000163   Thumb Code     0  libinit2.o(.ARM.Collect$$libinit$$0000001D)
    __rt_lib_init_clock_1                    0x08000163   Thumb Code     0  libinit2.o(.ARM.Collect$$libinit$$00000023)
    __rt_lib_init_cpp_1                      0x08000163   Thumb Code     0  libinit2.o(.ARM.Collect$$libinit$$00000034)
    __rt_lib_init_exceptions_1               0x08000163   Thumb Code     0  libinit2.o(.ARM.Collect$$libinit$$00000032)
    __rt_lib_init_fp_1                       0x08000163   Thumb Code     0  libinit2.o(.ARM.Collect$$libinit$$00000002)
    __rt_lib_init_fp_trap_1                  0x08000163   Thumb Code     0  libinit2.o(.ARM.Collect$$libinit$$00000021)
    __rt_lib_init_getenv_1                   0x08000163   Thumb Code     0  libinit2.o(.ARM.Collect$$libinit$$00000025)
    __rt_lib_init_heap_1                     0x08000163   Thumb Code     0  libinit2.o(.ARM.Collect$$libinit$$0000000C)
    __rt_lib_init_lc_collate_1               0x08000163   Thumb Code     0  libinit2.o(.ARM.Collect$$libinit$$00000013)
    __rt_lib_init_lc_ctype_1                 0x08000163   Thumb Code     0  libinit2.o(.ARM.Collect$$libinit$$00000015)
    __rt_lib_init_lc_monetary_1              0x08000163   Thumb Code     0  libinit2.o(.ARM.Collect$$libinit$$00000017)
    __rt_lib_init_lc_numeric_1               0x08000163   Thumb Code     0  libinit2.o(.ARM.Collect$$libinit$$00000019)
    __rt_lib_init_lc_time_1                  0x08000163   Thumb Code     0  libinit2.o(.ARM.Collect$$libinit$$0000001B)
    __rt_lib_init_preinit_1                  0x08000163   Thumb Code     0  libinit2.o(.ARM.Collect$$libinit$$00000006)
    __rt_lib_init_rand_1                     0x08000163   Thumb Code     0  libinit2.o(.ARM.Collect$$libinit$$00000010)
    __rt_lib_init_relocate_pie_1             0x08000163   Thumb Code     0  libinit2.o(.ARM.Collect$$libinit$$00000004)
    __rt_lib_init_return                     0x08000163   Thumb Code     0  libinit2.o(.ARM.Collect$$libinit$$00000035)
    __rt_lib_init_signal_1                   0x08000163   Thumb Code     0  libinit2.o(.ARM.Collect$$libinit$$0000001F)
    __rt_lib_init_stdio_1                    0x08000163   Thumb Code     0  libinit2.o(.ARM.Collect$$libinit$$00000027)
    __rt_lib_init_user_alloc_1               0x08000163   Thumb Code     0  libinit2.o(.ARM.Collect$$libinit$$0000000E)
    __rt_lib_shutdown                        0x08000165   Thumb Code     0  libshutdown.o(.ARM.Collect$$libshutdown$$00000000)
    __rt_lib_shutdown_cpp_1                  0x08000167   Thumb Code     0  libshutdown2.o(.ARM.Collect$$libshutdown$$00000002)
    __rt_lib_shutdown_fp_trap_1              0x08000167   Thumb Code     0  libshutdown2.o(.ARM.Collect$$libshutdown$$00000007)
    __rt_lib_shutdown_heap_1                 0x08000167   Thumb Code     0  libshutdown2.o(.ARM.Collect$$libshutdown$$0000000F)
    __rt_lib_shutdown_return                 0x08000167   Thumb Code     0  libshutdown2.o(.ARM.Collect$$libshutdown$$00000010)
    __rt_lib_shutdown_signal_1               0x08000167   Thumb Code     0  libshutdown2.o(.ARM.Collect$$libshutdown$$0000000A)
    __rt_lib_shutdown_stdio_1                0x08000167   Thumb Code     0  libshutdown2.o(.ARM.Collect$$libshutdown$$00000004)
    __rt_lib_shutdown_user_alloc_1           0x08000167   Thumb Code     0  libshutdown2.o(.ARM.Collect$$libshutdown$$0000000C)
    __rt_entry                               0x08000169   Thumb Code     0  __rtentry.o(.ARM.Collect$$rtentry$$00000000)
    __rt_entry_presh_1                       0x08000169   Thumb Code     0  __rtentry2.o(.ARM.Collect$$rtentry$$00000002)
    __rt_entry_sh                            0x08000169   Thumb Code     0  __rtentry4.o(.ARM.Collect$$rtentry$$00000004)
    __rt_entry_li                            0x0800016f   Thumb Code     0  __rtentry2.o(.ARM.Collect$$rtentry$$0000000A)
    __rt_entry_postsh_1                      0x0800016f   Thumb Code     0  __rtentry2.o(.ARM.Collect$$rtentry$$00000009)
    __rt_entry_main                          0x08000173   Thumb Code     0  __rtentry2.o(.ARM.Collect$$rtentry$$0000000D)
    __rt_entry_postli_1                      0x08000173   Thumb Code     0  __rtentry2.o(.ARM.Collect$$rtentry$$0000000C)
    __rt_exit                                0x0800017b   Thumb Code     0  rtexit.o(.ARM.Collect$$rtexit$$00000000)
    __rt_exit_ls                             0x0800017d   Thumb Code     0  rtexit2.o(.ARM.Collect$$rtexit$$00000003)
    __rt_exit_prels_1                        0x0800017d   Thumb Code     0  rtexit2.o(.ARM.Collect$$rtexit$$00000002)
    __rt_exit_exit                           0x08000181   Thumb Code     0  rtexit2.o(.ARM.Collect$$rtexit$$00000004)
    Reset_Handler                            0x08000189   Thumb Code     8  startup_mdr32f9q2i.o(.text)
    NMI_Handler                              0x08000191   Thumb Code     2  startup_mdr32f9q2i.o(.text)
    HardFault_Handler                        0x08000193   Thumb Code     2  startup_mdr32f9q2i.o(.text)
    MemManage_Handler                        0x08000195   Thumb Code     2  startup_mdr32f9q2i.o(.text)
    BusFault_Handler                         0x08000197   Thumb Code     2  startup_mdr32f9q2i.o(.text)
    UsageFault_Handler                       0x08000199   Thumb Code     2  startup_mdr32f9q2i.o(.text)
    SVC_Handler                              0x0800019b   Thumb Code     2  startup_mdr32f9q2i.o(.text)
    DebugMon_Handler                         0x0800019d   Thumb Code     2  startup_mdr32f9q2i.o(.text)
    PendSV_Handler                           0x0800019f   Thumb Code     2  startup_mdr32f9q2i.o(.text)
    SysTick_Handler                          0x080001a1   Thumb Code     2  startup_mdr32f9q2i.o(.text)
    CAN1_IRQHandler                          0x080001a3   Thumb Code     2  startup_mdr32f9q2i.o(.text)
    CAN2_IRQHandler                          0x080001a5   Thumb Code     2  startup_mdr32f9q2i.o(.text)
    USB_IRQHandler                           0x080001a7   Thumb Code     2  startup_mdr32f9q2i.o(.text)
    DMA_IRQHandler                           0x080001a9   Thumb Code     2  startup_mdr32f9q2i.o(.text)
    UART1_IRQHandler                         0x080001ab   Thumb Code     2  startup_mdr32f9q2i.o(.text)
    UART2_IRQHandler                         0x080001ad   Thumb Code     2  startup_mdr32f9q2i.o(.text)
    SSP1_IRQHandler                          0x080001af   Thumb Code     2  startup_mdr32f9q2i.o(.text)
    I2C_IRQHandler                           0x080001b1   Thumb Code     2  startup_mdr32f9q2i.o(.text)
    POWER_IRQHandler                         0x080001b3   Thumb Code     2  startup_mdr32f9q2i.o(.text)
    WWDG_IRQHandler                          0x080001b5   Thumb Code     2  startup_mdr32f9q2i.o(.text)
    Timer1_IRQHandler                        0x080001b7   Thumb Code     2  startup_mdr32f9q2i.o(.text)
    Timer2_IRQHandler                        0x080001b9   Thumb Code     2  startup_mdr32f9q2i.o(.text)
    Timer3_IRQHandler                        0x080001bb   Thumb Code     2  startup_mdr32f9q2i.o(.text)
    ADC_IRQHandler                           0x080001bd   Thumb Code     2  startup_mdr32f9q2i.o(.text)
    COMPARATOR_IRQHandler                    0x080001bf   Thumb Code     2  startup_mdr32f9q2i.o(.text)
    SSP2_IRQHandler                          0x080001c1   Thumb Code     2  startup_mdr32f9q2i.o(.text)
    BACKUP_IRQHandler                        0x080001c3   Thumb Code     2  startup_mdr32f9q2i.o(.text)
    EXT_INT1_IRQHandler                      0x080001c5   Thumb Code     2  startup_mdr32f9q2i.o(.text)
    EXT_INT2_IRQHandler                      0x080001c7   Thumb Code     2  startup_mdr32f9q2i.o(.text)
    EXT_INT3_IRQHandler                      0x080001c9   Thumb Code     2  startup_mdr32f9q2i.o(.text)
    EXT_INT4_IRQHandler                      0x080001cb   Thumb Code     2  startup_mdr32f9q2i.o(.text)
    __user_initial_stackheap                 0x080001cd   Thumb Code     0  startup_mdr32f9q2i.o(.text)
    __use_two_region_memory                  0x080001f1   Thumb Code     2  heapauxi.o(.text)
    __rt_heap_escrow$2region                 0x080001f3   Thumb Code     2  heapauxi.o(.text)
    __rt_heap_expand$2region                 0x080001f5   Thumb Code     2  heapauxi.o(.text)
    __user_setup_stackheap                   0x080001f7   Thumb Code    74  sys_stackheap_outer.o(.text)
    exit                                     0x08000241   Thumb Code    18  exit.o(.text)
    __user_libspace                          0x08000255   Thumb Code     8  libspace.o(.text)
    __user_perproc_libspace                  0x08000255   Thumb Code     0  libspace.o(.text)
    __user_perthread_libspace                0x08000255   Thumb Code     0  libspace.o(.text)
    _sys_exit                                0x0800025d   Thumb Code     8  sys_exit.o(.text)
    __I$use$semihosting                      0x08000269   Thumb Code     0  use_no_semi.o(.text)
    __use_no_semihosting_swi                 0x08000269   Thumb Code     2  use_no_semi.o(.text)
    __semihosting_library_function           0x0800026b   Thumb Code     0  indicate_semi.o(.text)
    PORT_Init                                0x0800026d   Thumb Code   350  mdr32fxqi_port.o(.text.PORT_Init)
    PORT_ResetBits                           0x080003cd   Thumb Code    24  mdr32fxqi_port.o(.text.PORT_ResetBits)
    PORT_SetBits                             0x080003e5   Thumb Code    22  mdr32fxqi_port.o(.text.PORT_SetBits)
    PORT_StructInit                          0x080003fd   Thumb Code    20  mdr32fxqi_port.o(.text.PORT_StructInit)
    RST_CLK_PCLKcmd                          0x08000411   Thumb Code    24  mdr32fxqi_rst_clk.o(.text.RST_CLK_PCLKcmd)
    SystemInit                               0x08000429   Thumb Code   156  system_mdr32f9q2i.o(.text.SystemInit)
    main                                     0x080004c5   Thumb Code   124  main.o(.text.main)
    Region$$Table$$Base                      0x08000540   Number         0  anon$$obj.o(Region$$Table)
    Region$$Table$$Limit                     0x08000560   Number         0  anon$$obj.o(Region$$Table)
    SystemCoreClock                          0x20000000   Data           4  system_mdr32f9q2i.o(.data.SystemCoreClock)
    waitTicks                                0x20000004   Data           4  main.o(.data.waitTicks)
    __libspace_start                         0x20000008   Data          96  libspace.o(.bss)
    __temporary_stack_top$libspace           0x20000068   Data           0  libspace.o(.bss)



==============================================================================

Memory Map of the image

  Image Entry point : 0x080000c1

  Load Region LR_IROM1 (Base: 0x08000000, Size: 0x00000568, Max: 0x00020000, ABSOLUTE)

    Execution Region ER_IROM1 (Exec base: 0x08000000, Load base: 0x08000000, Size: 0x00000560, Max: 0x00020000, ABSOLUTE)

    Exec Addr    Load Addr    Size         Type   Attr      Idx    E Section Name        Object

    0x08000000   0x08000000   0x000000c0   Data   RO           17    RESET               startup_mdr32f9q2i.o
    0x080000c0   0x080000c0   0x00000008   Code   RO          145  * !!!main             c_w.l(__main.o)
    0x080000c8   0x080000c8   0x0000005c   Code   RO          310    !!!scatter          c_w.l(__scatter.o)
    0x08000124   0x08000124   0x0000001a   Code   RO          314    !!handler_copy      c_w.l(__scatter_copy.o)
    0x0800013e   0x0800013e   0x00000002   PAD
    0x08000140   0x08000140   0x00000002   Code   RO          311    !!handler_null      c_w.l(__scatter.o)
    0x08000142   0x08000142   0x00000002   PAD
    0x08000144   0x08000144   0x0000001c   Code   RO          316    !!handler_zi        c_w.l(__scatter_zi.o)
    0x08000160   0x08000160   0x00000002   Code   RO          172    .ARM.Collect$$libinit$$00000000  c_w.l(libinit.o)
    0x08000162   0x08000162   0x00000000   Code   RO          179    .ARM.Collect$$libinit$$00000002  c_w.l(libinit2.o)
    0x08000162   0x08000162   0x00000000   Code   RO          181    .ARM.Collect$$libinit$$00000004  c_w.l(libinit2.o)
    0x08000162   0x08000162   0x00000000   Code   RO          183    .ARM.Collect$$libinit$$00000006  c_w.l(libinit2.o)
    0x08000162   0x08000162   0x00000000   Code   RO          186    .ARM.Collect$$libinit$$0000000C  c_w.l(libinit2.o)
    0x08000162   0x08000162   0x00000000   Code   RO          188    .ARM.Collect$$libinit$$0000000E  c_w.l(libinit2.o)
    0x08000162   0x08000162   0x00000000   Code   RO          190    .ARM.Collect$$libinit$$00000010  c_w.l(libinit2.o)
    0x08000162   0x08000162   0x00000000   Code   RO          193    .ARM.Collect$$libinit$$00000013  c_w.l(libinit2.o)
    0x08000162   0x08000162   0x00000000   Code   RO          195    .ARM.Collect$$libinit$$00000015  c_w.l(libinit2.o)
    0x08000162   0x08000162   0x00000000   Code   RO          197    .ARM.Collect$$libinit$$00000017  c_w.l(libinit2.o)
    0x08000162   0x08000162   0x00000000   Code   RO          199    .ARM.Collect$$libinit$$00000019  c_w.l(libinit2.o)
    0x08000162   0x08000162   0x00000000   Code   RO          201    .ARM.Collect$$libinit$$0000001B  c_w.l(libinit2.o)
    0x08000162   0x08000162   0x00000000   Code   RO          203    .ARM.Collect$$libinit$$0000001D  c_w.l(libinit2.o)
    0x08000162   0x08000162   0x00000000   Code   RO          205    .ARM.Collect$$libinit$$0000001F  c_w.l(libinit2.o)
    0x08000162   0x08000162   0x00000000   Code   RO          207    .ARM.Collect$$libinit$$00000021  c_w.l(libinit2.o)
    0x08000162   0x08000162   0x00000000   Code   RO          209    .ARM.Collect$$libinit$$00000023  c_w.l(libinit2.o)
    0x08000162   0x08000162   0x00000000   Code   RO          211    .ARM.Collect$$libinit$$00000025  c_w.l(libinit2.o)
    0x08000162   0x08000162   0x00000000   Code   RO          213    .ARM.Collect$$libinit$$00000027  c_w.l(libinit2.o)
    0x08000162   0x08000162   0x00000000   Code   RO          217    .ARM.Collect$$libinit$$0000002E  c_w.l(libinit2.o)
    0x08000162   0x08000162   0x00000000   Code   RO          219    .ARM.Collect$$libinit$$00000030  c_w.l(libinit2.o)
    0x08000162   0x08000162   0x00000000   Code   RO          221    .ARM.Collect$$libinit$$00000032  c_w.l(libinit2.o)
    0x08000162   0x08000162   0x00000000   Code   RO          223    .ARM.Collect$$libinit$$00000034  c_w.l(libinit2.o)
    0x08000162   0x08000162   0x00000002   Code   RO          224    .ARM.Collect$$libinit$$00000035  c_w.l(libinit2.o)
    0x08000164   0x08000164   0x00000002   Code   RO          246    .ARM.Collect$$libshutdown$$00000000  c_w.l(libshutdown.o)
    0x08000166   0x08000166   0x00000000   Code   RO          261    .ARM.Collect$$libshutdown$$00000002  c_w.l(libshutdown2.o)
    0x08000166   0x08000166   0x00000000   Code   RO          263    .ARM.Collect$$libshutdown$$00000004  c_w.l(libshutdown2.o)
    0x08000166   0x08000166   0x00000000   Code   RO          266    .ARM.Collect$$libshutdown$$00000007  c_w.l(libshutdown2.o)
    0x08000166   0x08000166   0x00000000   Code   RO          269    .ARM.Collect$$libshutdown$$0000000A  c_w.l(libshutdown2.o)
    0x08000166   0x08000166   0x00000000   Code   RO          271    .ARM.Collect$$libshutdown$$0000000C  c_w.l(libshutdown2.o)
    0x08000166   0x08000166   0x00000000   Code   RO          274    .ARM.Collect$$libshutdown$$0000000F  c_w.l(libshutdown2.o)
    0x08000166   0x08000166   0x00000002   Code   RO          275    .ARM.Collect$$libshutdown$$00000010  c_w.l(libshutdown2.o)
    0x08000168   0x08000168   0x00000000   Code   RO          147    .ARM.Collect$$rtentry$$00000000  c_w.l(__rtentry.o)
    0x08000168   0x08000168   0x00000000   Code   RO          149    .ARM.Collect$$rtentry$$00000002  c_w.l(__rtentry2.o)
    0x08000168   0x08000168   0x00000006   Code   RO          161    .ARM.Collect$$rtentry$$00000004  c_w.l(__rtentry4.o)
    0x0800016e   0x0800016e   0x00000000   Code   RO          151    .ARM.Collect$$rtentry$$00000009  c_w.l(__rtentry2.o)
    0x0800016e   0x0800016e   0x00000004   Code   RO          152    .ARM.Collect$$rtentry$$0000000A  c_w.l(__rtentry2.o)
    0x08000172   0x08000172   0x00000000   Code   RO          154    .ARM.Collect$$rtentry$$0000000C  c_w.l(__rtentry2.o)
    0x08000172   0x08000172   0x00000008   Code   RO          155    .ARM.Collect$$rtentry$$0000000D  c_w.l(__rtentry2.o)
    0x0800017a   0x0800017a   0x00000002   Code   RO          176    .ARM.Collect$$rtexit$$00000000  c_w.l(rtexit.o)
    0x0800017c   0x0800017c   0x00000000   Code   RO          226    .ARM.Collect$$rtexit$$00000002  c_w.l(rtexit2.o)
    0x0800017c   0x0800017c   0x00000004   Code   RO          227    .ARM.Collect$$rtexit$$00000003  c_w.l(rtexit2.o)
    0x08000180   0x08000180   0x00000006   Code   RO          228    .ARM.Collect$$rtexit$$00000004  c_w.l(rtexit2.o)
    0x08000186   0x08000186   0x00000002   PAD
    0x08000188   0x08000188   0x00000068   Code   RO           18    .text               startup_mdr32f9q2i.o
    0x080001f0   0x080001f0   0x00000006   Code   RO          143    .text               c_w.l(heapauxi.o)
    0x080001f6   0x080001f6   0x0000004a   Code   RO          163    .text               c_w.l(sys_stackheap_outer.o)
    0x08000240   0x08000240   0x00000012   Code   RO          165    .text               c_w.l(exit.o)
    0x08000252   0x08000252   0x00000002   PAD
    0x08000254   0x08000254   0x00000008   Code   RO          173    .text               c_w.l(libspace.o)
    0x0800025c   0x0800025c   0x0000000c   Code   RO          236    .text               c_w.l(sys_exit.o)
    0x08000268   0x08000268   0x00000002   Code   RO          251    .text               c_w.l(use_no_semi.o)
    0x0800026a   0x0800026a   0x00000000   Code   RO          253    .text               c_w.l(indicate_semi.o)
    0x0800026a   0x0800026a   0x00000002   PAD
    0x0800026c   0x0800026c   0x0000015e   Code   RO           40    .text.PORT_Init     mdr32fxqi_port.o
    0x080003ca   0x080003ca   0x00000002   PAD
    0x080003cc   0x080003cc   0x00000018   Code   RO           50    .text.PORT_ResetBits  mdr32fxqi_port.o
    0x080003e4   0x080003e4   0x00000016   Code   RO           48    .text.PORT_SetBits  mdr32fxqi_port.o
    0x080003fa   0x080003fa   0x00000002   PAD
    0x080003fc   0x080003fc   0x00000014   Code   RO           42    .text.PORT_StructInit  mdr32fxqi_port.o
    0x08000410   0x08000410   0x00000018   Code   RO          130    .text.RST_CLK_PCLKcmd  mdr32fxqi_rst_clk.o
    0x08000428   0x08000428   0x0000009c   Code   RO           27    .text.SystemInit    system_mdr32f9q2i.o
    0x080004c4   0x080004c4   0x0000007c   Code   RO            2    .text.main          main.o
    0x08000540   0x08000540   0x00000020   Data   RO          309    Region$$Table       anon$$obj.o


    Execution Region RW_IRAM1 (Exec base: 0x20000000, Load base: 0x08000560, Size: 0x00000668, Max: 0x00008000, ABSOLUTE)

    Exec Addr    Load Addr    Size         Type   Attr      Idx    E Section Name        Object

    0x20000000   0x08000560   0x00000004   Data   RW           29    .data.SystemCoreClock  system_mdr32f9q2i.o
    0x20000004   0x08000564   0x00000004   Data   RW            6    .data.waitTicks     main.o
    0x20000008        -       0x00000060   Zero   RW          174    .bss                c_w.l(libspace.o)
    0x20000068        -       0x00000200   Zero   RW           16    HEAP                startup_mdr32f9q2i.o
    0x20000268        -       0x00000400   Zero   RW           15    STACK               startup_mdr32f9q2i.o


==============================================================================

Image component sizes


      Code (inc. data)   RO Data    RW Data    ZI Data      Debug   Object Name

       124          0          0          4          0       3111   main.o
       416          0          0          0          0       5744   mdr32fxqi_port.o
        24          0          0          0          0      15334   mdr32fxqi_rst_clk.o
       104         26        192          0       1536       1696   startup_mdr32f9q2i.o
       156          4          0          4          0       2628   system_mdr32f9q2i.o

    ----------------------------------------------------------------------
       828         30        224          8       1536      28513   Object Totals
         0          0         32          0          0          0   (incl. Generated)
         4          0          0          0          0          0   (incl. Padding)

    ----------------------------------------------------------------------

      Code (inc. data)   RO Data    RW Data    ZI Data      Debug   Library Member Name

         8          0          0          0          0         68   __main.o
         0          0          0          0          0          0   __rtentry.o
        12          0          0          0          0          0   __rtentry2.o
         6          0          0          0          0          0   __rtentry4.o
        94          8          0          0          0          0   __scatter.o
        26          0          0          0          0          0   __scatter_copy.o
        28          0          0          0          0          0   __scatter_zi.o
        18          0          0          0          0         80   exit.o
         6          0          0          0          0        152   heapauxi.o
         0          0          0          0          0          0   indicate_semi.o
         2          0          0          0          0          0   libinit.o
         2          0          0          0          0          0   libinit2.o
         2          0          0          0          0          0   libshutdown.o
         2          0          0          0          0          0   libshutdown2.o
         8          4          0          0         96         68   libspace.o
         2          0          0          0          0          0   rtexit.o
        10          0          0          0          0          0   rtexit2.o
        12          4          0          0          0         68   sys_exit.o
        74          0          0          0          0         80   sys_stackheap_outer.o
         2          0          0          0          0         68   use_no_semi.o

    ----------------------------------------------------------------------
       324         16          0          0         96        584   Library Totals
        10          0          0          0          0          0   (incl. Padding)

    ----------------------------------------------------------------------

      Code (inc. data)   RO Data    RW Data    ZI Data      Debug   Library Name

       314         16          0          0         96        584   c_w.l

    ----------------------------------------------------------------------
       324         16          0          0         96        584   Library Totals

    ----------------------------------------------------------------------

==============================================================================


      Code (inc. data)   RO Data    RW Data    ZI Data      Debug   

      1152         46        224          8       1632      28997   Grand Totals
      1152         46        224          8       1632      28997   ELF Image Totals
      1152         46        224          8          0          0   ROM Totals

==============================================================================

    Total RO  Size (Code + RO Data)                 1376 (   1.34kB)
    Total RW  Size (RW Data + ZI Data)              1640 (   1.60kB)
    Total ROM Size (Code + RO Data + RW Data)       1384 (   1.35kB)

==============================================================================

